Archive member included to satisfy reference by file (symbol)

c:/st/stm32cubeide_1.4.0/stm32cubeide/plugins/com.st.stm32cube.ide.mcu.externaltools.gnu-tools-for-stm32.7-2018-q2-update.win32_1.4.0.202007081208/tools/bin/../lib/gcc/arm-none-eabi/7.3.1/../../../../arm-none-eabi/lib/thumb/v7e-m/fpv5/hard\libc_nano.a(lib_a-errno.o)
                              Core/Src/syscalls.o (__errno)
c:/st/stm32cubeide_1.4.0/stm32cubeide/plugins/com.st.stm32cube.ide.mcu.externaltools.gnu-tools-for-stm32.7-2018-q2-update.win32_1.4.0.202007081208/tools/bin/../lib/gcc/arm-none-eabi/7.3.1/../../../../arm-none-eabi/lib/thumb/v7e-m/fpv5/hard\libc_nano.a(lib_a-exit.o)
                              c:/st/stm32cubeide_1.4.0/stm32cubeide/plugins/com.st.stm32cube.ide.mcu.externaltools.gnu-tools-for-stm32.7-2018-q2-update.win32_1.4.0.202007081208/tools/bin/../lib/gcc/arm-none-eabi/7.3.1/../../../../arm-none-eabi/lib/thumb/v7e-m/fpv5/hard/crt0.o (exit)
c:/st/stm32cubeide_1.4.0/stm32cubeide/plugins/com.st.stm32cube.ide.mcu.externaltools.gnu-tools-for-stm32.7-2018-q2-update.win32_1.4.0.202007081208/tools/bin/../lib/gcc/arm-none-eabi/7.3.1/../../../../arm-none-eabi/lib/thumb/v7e-m/fpv5/hard\libc_nano.a(lib_a-impure.o)
                              c:/st/stm32cubeide_1.4.0/stm32cubeide/plugins/com.st.stm32cube.ide.mcu.externaltools.gnu-tools-for-stm32.7-2018-q2-update.win32_1.4.0.202007081208/tools/bin/../lib/gcc/arm-none-eabi/7.3.1/../../../../arm-none-eabi/lib/thumb/v7e-m/fpv5/hard\libc_nano.a(lib_a-exit.o) (_global_impure_ptr)
c:/st/stm32cubeide_1.4.0/stm32cubeide/plugins/com.st.stm32cube.ide.mcu.externaltools.gnu-tools-for-stm32.7-2018-q2-update.win32_1.4.0.202007081208/tools/bin/../lib/gcc/arm-none-eabi/7.3.1/../../../../arm-none-eabi/lib/thumb/v7e-m/fpv5/hard\libc_nano.a(lib_a-init.o)
                              c:/st/stm32cubeide_1.4.0/stm32cubeide/plugins/com.st.stm32cube.ide.mcu.externaltools.gnu-tools-for-stm32.7-2018-q2-update.win32_1.4.0.202007081208/tools/bin/../lib/gcc/arm-none-eabi/7.3.1/../../../../arm-none-eabi/lib/thumb/v7e-m/fpv5/hard/crt0.o (__libc_init_array)
c:/st/stm32cubeide_1.4.0/stm32cubeide/plugins/com.st.stm32cube.ide.mcu.externaltools.gnu-tools-for-stm32.7-2018-q2-update.win32_1.4.0.202007081208/tools/bin/../lib/gcc/arm-none-eabi/7.3.1/../../../../arm-none-eabi/lib/thumb/v7e-m/fpv5/hard\libc_nano.a(lib_a-memset.o)
                              c:/st/stm32cubeide_1.4.0/stm32cubeide/plugins/com.st.stm32cube.ide.mcu.externaltools.gnu-tools-for-stm32.7-2018-q2-update.win32_1.4.0.202007081208/tools/bin/../lib/gcc/arm-none-eabi/7.3.1/../../../../arm-none-eabi/lib/thumb/v7e-m/fpv5/hard/crt0.o (memset)

Allocating common symbols
Common symbol       size              file

uwTick              0x4               Drivers/STM32H7xx_HAL_Driver/stm32h7xx_hal.o
pFlash              0x1c              Drivers/STM32H7xx_HAL_Driver/stm32h7xx_hal_flash.o

Discarded input sections

 .text          0x0000000000000000        0x0 c:/st/stm32cubeide_1.4.0/stm32cubeide/plugins/com.st.stm32cube.ide.mcu.externaltools.gnu-tools-for-stm32.7-2018-q2-update.win32_1.4.0.202007081208/tools/bin/../lib/gcc/arm-none-eabi/7.3.1/thumb/v7e-m/fpv5/hard/crti.o
 .data          0x0000000000000000        0x0 c:/st/stm32cubeide_1.4.0/stm32cubeide/plugins/com.st.stm32cube.ide.mcu.externaltools.gnu-tools-for-stm32.7-2018-q2-update.win32_1.4.0.202007081208/tools/bin/../lib/gcc/arm-none-eabi/7.3.1/thumb/v7e-m/fpv5/hard/crti.o
 .bss           0x0000000000000000        0x0 c:/st/stm32cubeide_1.4.0/stm32cubeide/plugins/com.st.stm32cube.ide.mcu.externaltools.gnu-tools-for-stm32.7-2018-q2-update.win32_1.4.0.202007081208/tools/bin/../lib/gcc/arm-none-eabi/7.3.1/thumb/v7e-m/fpv5/hard/crti.o
 .data          0x0000000000000000        0x4 c:/st/stm32cubeide_1.4.0/stm32cubeide/plugins/com.st.stm32cube.ide.mcu.externaltools.gnu-tools-for-stm32.7-2018-q2-update.win32_1.4.0.202007081208/tools/bin/../lib/gcc/arm-none-eabi/7.3.1/thumb/v7e-m/fpv5/hard/crtbegin.o
 .text          0x0000000000000000       0x74 c:/st/stm32cubeide_1.4.0/stm32cubeide/plugins/com.st.stm32cube.ide.mcu.externaltools.gnu-tools-for-stm32.7-2018-q2-update.win32_1.4.0.202007081208/tools/bin/../lib/gcc/arm-none-eabi/7.3.1/../../../../arm-none-eabi/lib/thumb/v7e-m/fpv5/hard/crt0.o
 .data          0x0000000000000000        0x0 c:/st/stm32cubeide_1.4.0/stm32cubeide/plugins/com.st.stm32cube.ide.mcu.externaltools.gnu-tools-for-stm32.7-2018-q2-update.win32_1.4.0.202007081208/tools/bin/../lib/gcc/arm-none-eabi/7.3.1/../../../../arm-none-eabi/lib/thumb/v7e-m/fpv5/hard/crt0.o
 .bss           0x0000000000000000        0x0 c:/st/stm32cubeide_1.4.0/stm32cubeide/plugins/com.st.stm32cube.ide.mcu.externaltools.gnu-tools-for-stm32.7-2018-q2-update.win32_1.4.0.202007081208/tools/bin/../lib/gcc/arm-none-eabi/7.3.1/../../../../arm-none-eabi/lib/thumb/v7e-m/fpv5/hard/crt0.o
[...]
Memory Configuration

Name             Origin             Length             Attributes
FLASH            0x0000000008000000 0x0000000000100000 xr
RAM              0x0000000020000000 0x0000000000020000 xrw
ITCMRAM          0x0000000000000000 0x0000000000010000 xrw
*default*        0x0000000000000000 0xffffffffffffffff

Linker script and memory map

LOAD c:/st/stm32cubeide_1.4.0/stm32cubeide/plugins/com.st.stm32cube.ide.mcu.externaltools.gnu-tools-for-stm32.7-2018-q2-update.win32_1.4.0.202007081208/tools/bin/../lib/gcc/arm-none-eabi/7.3.1/thumb/v7e-m/fpv5/hard/crti.o
LOAD c:/st/stm32cubeide_1.4.0/stm32cubeide/plugins/com.st.stm32cube.ide.mcu.externaltools.gnu-tools-for-stm32.7-2018-q2-update.win32_1.4.0.202007081208/tools/bin/../lib/gcc/arm-none-eabi/7.3.1/thumb/v7e-m/fpv5/hard/crtbegin.o
LOAD c:/st/stm32cubeide_1.4.0/stm32cubeide/plugins/com.st.stm32cube.ide.mcu.externaltools.gnu-tools-for-stm32.7-2018-q2-update.win32_1.4.0.202007081208/tools/bin/../lib/gcc/arm-none-eabi/7.3.1/../../../../arm-none-eabi/lib/thumb/v7e-m/fpv5/hard/crt0.o
LOAD Common/Src/system_stm32h7xx_dualcore_boot_cm4_cm7.o
LOAD Core/Src/main.o
LOAD Core/Src/stm32h7xx_hal_msp.o
LOAD Core/Src/stm32h7xx_it.o
LOAD Core/Src/syscalls.o
LOAD Core/Src/sysmem.o
LOAD Core/Startup/startup_stm32h745zitx.o
LOAD Drivers/STM32H7xx_HAL_Driver/stm32h7xx_hal.o
LOAD Drivers/STM32H7xx_HAL_Driver/stm32h7xx_hal_cortex.o
LOAD Drivers/STM32H7xx_HAL_Driver/stm32h7xx_hal_dma.o
LOAD Drivers/STM32H7xx_HAL_Driver/stm32h7xx_hal_dma_ex.o
LOAD Drivers/STM32H7xx_HAL_Driver/stm32h7xx_hal_exti.o
LOAD Drivers/STM32H7xx_HAL_Driver/stm32h7xx_hal_flash.o
LOAD Drivers/STM32H7xx_HAL_Driver/stm32h7xx_hal_flash_ex.o
LOAD Drivers/STM32H7xx_HAL_Driver/stm32h7xx_hal_gpio.o
LOAD Drivers/STM32H7xx_HAL_Driver/stm32h7xx_hal_hsem.o
LOAD Drivers/STM32H7xx_HAL_Driver/stm32h7xx_hal_i2c.o
LOAD Drivers/STM32H7xx_HAL_Driver/stm32h7xx_hal_i2c_ex.o
LOAD Drivers/STM32H7xx_HAL_Driver/stm32h7xx_hal_mdma.o
LOAD Drivers/STM32H7xx_HAL_Driver/stm32h7xx_hal_pwr.o
LOAD Drivers/STM32H7xx_HAL_Driver/stm32h7xx_hal_pwr_ex.o
LOAD Drivers/STM32H7xx_HAL_Driver/stm32h7xx_hal_rcc.o
LOAD Drivers/STM32H7xx_HAL_Driver/stm32h7xx_hal_rcc_ex.o
LOAD Drivers/STM32H7xx_HAL_Driver/stm32h7xx_hal_tim.o
LOAD Drivers/STM32H7xx_HAL_Driver/stm32h7xx_hal_tim_ex.o
START GROUP
LOAD c:/st/stm32cubeide_1.4.0/stm32cubeide/plugins/com.st.stm32cube.ide.mcu.externaltools.gnu-tools-for-stm32.7-2018-q2-update.win32_1.4.0.202007081208/tools/bin/../lib/gcc/arm-none-eabi/7.3.1/../../../../arm-none-eabi/lib/thumb/v7e-m/fpv5/hard\libc_nano.a
LOAD c:/st/stm32cubeide_1.4.0/stm32cubeide/plugins/com.st.stm32cube.ide.mcu.externaltools.gnu-tools-for-stm32.7-2018-q2-update.win32_1.4.0.202007081208/tools/bin/../lib/gcc/arm-none-eabi/7.3.1/../../../../arm-none-eabi/lib/thumb/v7e-m/fpv5/hard\libm.a
END GROUP
START GROUP
LOAD c:/st/stm32cubeide_1.4.0/stm32cubeide/plugins/com.st.stm32cube.ide.mcu.externaltools.gnu-tools-for-stm32.7-2018-q2-update.win32_1.4.0.202007081208/tools/bin/../lib/gcc/arm-none-eabi/7.3.1/thumb/v7e-m/fpv5/hard\libgcc.a
LOAD c:/st/stm32cubeide_1.4.0/stm32cubeide/plugins/com.st.stm32cube.ide.mcu.externaltools.gnu-tools-for-stm32.7-2018-q2-update.win32_1.4.0.202007081208/tools/bin/../lib/gcc/arm-none-eabi/7.3.1/../../../../arm-none-eabi/lib/thumb/v7e-m/fpv5/hard\libc_nano.a
END GROUP
START GROUP
LOAD c:/st/stm32cubeide_1.4.0/stm32cubeide/plugins/com.st.stm32cube.ide.mcu.externaltools.gnu-tools-for-stm32.7-2018-q2-update.win32_1.4.0.202007081208/tools/bin/../lib/gcc/arm-none-eabi/7.3.1/thumb/v7e-m/fpv5/hard\libgcc.a
LOAD c:/st/stm32cubeide_1.4.0/stm32cubeide/plugins/com.st.stm32cube.ide.mcu.externaltools.gnu-tools-for-stm32.7-2018-q2-update.win32_1.4.0.202007081208/tools/bin/../lib/gcc/arm-none-eabi/7.3.1/../../../../arm-none-eabi/lib/thumb/v7e-m/fpv5/hard\libc_nano.a
LOAD c:/st/stm32cubeide_1.4.0/stm32cubeide/plugins/com.st.stm32cube.ide.mcu.externaltools.gnu-tools-for-stm32.7-2018-q2-update.win32_1.4.0.202007081208/tools/bin/../lib/gcc/arm-none-eabi/7.3.1/../../../../arm-none-eabi/lib/thumb/v7e-m/fpv5/hard\libnosys.a
END GROUP
START GROUP
LOAD c:/st/stm32cubeide_1.4.0/stm32cubeide/plugins/com.st.stm32cube.ide.mcu.externaltools.gnu-tools-for-stm32.7-2018-q2-update.win32_1.4.0.202007081208/tools/bin/../lib/gcc/arm-none-eabi/7.3.1/thumb/v7e-m/fpv5/hard\libgcc.a
LOAD c:/st/stm32cubeide_1.4.0/stm32cubeide/plugins/com.st.stm32cube.ide.mcu.externaltools.gnu-tools-for-stm32.7-2018-q2-update.win32_1.4.0.202007081208/tools/bin/../lib/gcc/arm-none-eabi/7.3.1/../../../../arm-none-eabi/lib/thumb/v7e-m/fpv5/hard\libc_nano.a
LOAD c:/st/stm32cubeide_1.4.0/stm32cubeide/plugins/com.st.stm32cube.ide.mcu.externaltools.gnu-tools-for-stm32.7-2018-q2-update.win32_1.4.0.202007081208/tools/bin/../lib/gcc/arm-none-eabi/7.3.1/../../../../arm-none-eabi/lib/thumb/v7e-m/fpv5/hard\libnosys.a
END GROUP
LOAD c:/st/stm32cubeide_1.4.0/stm32cubeide/plugins/com.st.stm32cube.ide.mcu.externaltools.gnu-tools-for-stm32.7-2018-q2-update.win32_1.4.0.202007081208/tools/bin/../lib/gcc/arm-none-eabi/7.3.1/thumb/v7e-m/fpv5/hard/crtend.o
LOAD c:/st/stm32cubeide_1.4.0/stm32cubeide/plugins/com.st.stm32cube.ide.mcu.externaltools.gnu-tools-for-stm32.7-2018-q2-update.win32_1.4.0.202007081208/tools/bin/../lib/gcc/arm-none-eabi/7.3.1/thumb/v7e-m/fpv5/hard/crtn.o
                0x0000000020020000                _estack = 0x20020000
                0x0000000000000200                _Min_Heap_Size = 0x200
                0x0000000000000400                _Min_Stack_Size = 0x400

.isr_vector     0x0000000008000000      0x298
                0x0000000008000000                . = ALIGN (0x4)
 *(.isr_vector)
 .isr_vector    0x0000000008000000      0x298 Core/Startup/startup_stm32h745zitx.o
                0x0000000008000000                g_pfnVectors
                0x0000000008000298                . = ALIGN (0x4)

.text           0x0000000008000298     0x1cfc
                0x0000000008000298                . = ALIGN (0x4)
 *(.text)
 .text          0x0000000008000298       0x40 c:/st/stm32cubeide_1.4.0/stm32cubeide/plugins/com.st.stm32cube.ide.mcu.externaltools.gnu-tools-for-stm32.7-2018-q2-update.win32_1.4.0.202007081208/tools/bin/../lib/gcc/arm-none-eabi/7.3.1/thumb/v7e-m/fpv5/hard/crtbegin.o
 *(.text*)
 .text.SystemInit
                0x00000000080002d8      0x134 Common/Src/system_stm32h7xx_dualcore_boot_cm4_cm7.o
                0x00000000080002d8                SystemInit
 .text.main     0x000000000800040c      0x1d0 Core/Src/main.o
                0x000000000800040c                main
 .text.SystemClock_Config
                0x00000000080005dc       0xd4 Core/Src/main.o
                0x00000000080005dc                SystemClock_Config
 .text.MX_GPIO_Init
                0x00000000080006b0       0xf4 Core/Src/main.o
 .text.Error_Handler
                0x00000000080007a4        0xe Core/Src/main.o
                0x00000000080007a4                Error_Handler
 *fill*         0x00000000080007b2        0x2 
 .text.HAL_MspInit
                0x00000000080007b4       0x34 Core/Src/stm32h7xx_hal_msp.o
                0x00000000080007b4                HAL_MspInit
 .text.NMI_Handler
                0x00000000080007e8        0xe Core/Src/stm32h7xx_it.o
                0x00000000080007e8                NMI_Handler
 .text.HardFault_Handler
                0x00000000080007f6        0x6 Core/Src/stm32h7xx_it.o
                0x00000000080007f6                HardFault_Handler
 .text.MemManage_Handler
                0x00000000080007fc        0x6 Core/Src/stm32h7xx_it.o
                0x00000000080007fc                MemManage_Handler
 .text.BusFault_Handler
                0x0000000008000802        0x6 Core/Src/stm32h7xx_it.o
                0x0000000008000802                BusFault_Handler
 .text.UsageFault_Handler
                0x0000000008000808        0x6 Core/Src/stm32h7xx_it.o
                0x0000000008000808                UsageFault_Handler
 .text.SVC_Handler
                0x000000000800080e        0xe Core/Src/stm32h7xx_it.o
                0x000000000800080e                SVC_Handler
 .text.DebugMon_Handler
                0x000000000800081c        0xe Core/Src/stm32h7xx_it.o
                0x000000000800081c                DebugMon_Handler
 .text.PendSV_Handler
                0x000000000800082a        0xe Core/Src/stm32h7xx_it.o
                0x000000000800082a                PendSV_Handler
 .text.SysTick_Handler
                0x0000000008000838        0xc Core/Src/stm32h7xx_it.o
                0x0000000008000838                SysTick_Handler
 .text.Reset_Handler
                0x0000000008000844       0x50 Core/Startup/startup_stm32h745zitx.o
                0x0000000008000844                Reset_Handler
 .text.Default_Handler
                0x0000000008000894        0x2 Core/Startup/startup_stm32h745zitx.o
                0x0000000008000894                RTC_Alarm_IRQHandler
                0x0000000008000894                EXTI2_IRQHandler
                0x0000000008000894                TIM8_CC_IRQHandler
                0x0000000008000894                HRTIM1_Master_IRQHandler
                0x0000000008000894                UART8_IRQHandler
                0x0000000008000894                SPI4_IRQHandler
                0x0000000008000894                TIM1_CC_IRQHandler
                0x0000000008000894                BDMA_Channel6_IRQHandler
                0x0000000008000894                DMA2_Stream5_IRQHandler
                0x0000000008000894                HRTIM1_FLT_IRQHandler
                0x0000000008000894                JPEG_IRQHandler
                0x0000000008000894                DMA1_Stream5_IRQHandler
                0x0000000008000894                BDMA_Channel1_IRQHandler
                0x0000000008000894                HRTIM1_TIMD_IRQHandler
                0x0000000008000894                TAMP_STAMP_IRQHandler
                0x0000000008000894                EXTI3_IRQHandler
                0x0000000008000894                LPTIM4_IRQHandler
                0x0000000008000894                TIM8_TRG_COM_TIM14_IRQHandler
                0x0000000008000894                LPTIM2_IRQHandler
                0x0000000008000894                DFSDM1_FLT1_IRQHandler
                0x0000000008000894                DMAMUX2_OVR_IRQHandler
                0x0000000008000894                TIM8_UP_TIM13_IRQHandler
                0x0000000008000894                I2C3_ER_IRQHandler
                0x0000000008000894                DFSDM1_FLT2_IRQHandler
                0x0000000008000894                MDMA_IRQHandler
                0x0000000008000894                LPTIM3_IRQHandler
                0x0000000008000894                HSEM1_IRQHandler
                0x0000000008000894                EXTI0_IRQHandler
                0x0000000008000894                I2C2_EV_IRQHandler
                0x0000000008000894                DMA1_Stream2_IRQHandler
                0x0000000008000894                FPU_IRQHandler
                0x0000000008000894                OTG_HS_WKUP_IRQHandler
                0x0000000008000894                FDCAN1_IT1_IRQHandler
                0x0000000008000894                LTDC_ER_IRQHandler
                0x0000000008000894                DMA2_Stream2_IRQHandler
                0x0000000008000894                HRTIM1_TIME_IRQHandler
                0x0000000008000894                SPI1_IRQHandler
                0x0000000008000894                TIM6_DAC_IRQHandler
                0x0000000008000894                DCMI_IRQHandler
                0x0000000008000894                HRTIM1_TIMC_IRQHandler
                0x0000000008000894                DMA2_Stream3_IRQHandler
                0x0000000008000894                SAI2_IRQHandler
                0x0000000008000894                DFSDM1_FLT3_IRQHandler
                0x0000000008000894                USART6_IRQHandler
                0x0000000008000894                TIM17_IRQHandler
                0x0000000008000894                USART3_IRQHandler
                0x0000000008000894                BDMA_Channel7_IRQHandler
                0x0000000008000894                LPTIM5_IRQHandler
                0x0000000008000894                UART5_IRQHandler
                0x0000000008000894                ADC3_IRQHandler
                0x0000000008000894                DMA2_Stream0_IRQHandler
                0x0000000008000894                TIM4_IRQHandler
                0x0000000008000894                BDMA_Channel2_IRQHandler
                0x0000000008000894                QUADSPI_IRQHandler
                0x0000000008000894                I2C1_EV_IRQHandler
                0x0000000008000894                DMA1_Stream6_IRQHandler
                0x0000000008000894                DMAMUX1_OVR_IRQHandler
                0x0000000008000894                DMA1_Stream1_IRQHandler
                0x0000000008000894                TIM16_IRQHandler
                0x0000000008000894                UART4_IRQHandler
                0x0000000008000894                BDMA_Channel5_IRQHandler
                0x0000000008000894                TIM3_IRQHandler
                0x0000000008000894                RCC_IRQHandler
                0x0000000008000894                TIM8_BRK_TIM12_IRQHandler
                0x0000000008000894                TIM1_TRG_COM_IRQHandler
                0x0000000008000894                Default_Handler
                0x0000000008000894                ECC_IRQHandler
                0x0000000008000894                CEC_IRQHandler
                0x0000000008000894                EXTI15_10_IRQHandler
                0x0000000008000894                BDMA_Channel0_IRQHandler
                0x0000000008000894                ADC_IRQHandler
                0x0000000008000894                DMA1_Stream7_IRQHandler
                0x0000000008000894                HRTIM1_TIMA_IRQHandler
                0x0000000008000894                SPI5_IRQHandler
                0x0000000008000894                TIM7_IRQHandler
                0x0000000008000894                SDMMC1_IRQHandler
                0x0000000008000894                TIM5_IRQHandler
                0x0000000008000894                DMA2_Stream7_IRQHandler
                0x0000000008000894                TIM15_IRQHandler
                0x0000000008000894                PVD_AVD_IRQHandler
                0x0000000008000894                I2C3_EV_IRQHandler
                0x0000000008000894                EXTI9_5_IRQHandler
                0x0000000008000894                RTC_WKUP_IRQHandler
                0x0000000008000894                LTDC_IRQHandler
                0x0000000008000894                SAI3_IRQHandler
                0x0000000008000894                ETH_WKUP_IRQHandler
                0x0000000008000894                SPDIF_RX_IRQHandler
                0x0000000008000894                SPI2_IRQHandler
                0x0000000008000894                OTG_HS_EP1_IN_IRQHandler
                0x0000000008000894                DMA1_Stream0_IRQHandler
                0x0000000008000894                CRS_IRQHandler
                0x0000000008000894                CM7_SEV_IRQHandler
                0x0000000008000894                EXTI4_IRQHandler
                0x0000000008000894                RNG_IRQHandler
                0x0000000008000894                CM4_SEV_IRQHandler
                0x0000000008000894                HRTIM1_TIMB_IRQHandler
                0x0000000008000894                FDCAN2_IT1_IRQHandler
                0x0000000008000894                ETH_IRQHandler
                0x0000000008000894                TIM1_UP_IRQHandler
                0x0000000008000894                WWDG_RST_IRQHandler
                0x0000000008000894                BDMA_Channel4_IRQHandler
                0x0000000008000894                OTG_HS_EP1_OUT_IRQHandler
                0x0000000008000894                WWDG_IRQHandler
                0x0000000008000894                SPI6_IRQHandler
                0x0000000008000894                MDIOS_IRQHandler
                0x0000000008000894                I2C4_EV_IRQHandler
                0x0000000008000894                FDCAN2_IT0_IRQHandler
                0x0000000008000894                LPUART1_IRQHandler
                0x0000000008000894                FDCAN1_IT0_IRQHandler
                0x0000000008000894                TIM2_IRQHandler
                0x0000000008000894                OTG_FS_WKUP_IRQHandler
                0x0000000008000894                OTG_HS_IRQHandler
                0x0000000008000894                HSEM2_IRQHandler
                0x0000000008000894                DMA2D_IRQHandler
                0x0000000008000894                TIM1_BRK_IRQHandler
                0x0000000008000894                EXTI1_IRQHandler
                0x0000000008000894                SDMMC2_IRQHandler
                0x0000000008000894                OTG_FS_EP1_OUT_IRQHandler
                0x0000000008000894                BDMA_Channel3_IRQHandler
                0x0000000008000894                HOLD_CORE_IRQHandler
                0x0000000008000894                UART7_IRQHandler
                0x0000000008000894                MDIOS_WKUP_IRQHandler
                0x0000000008000894                USART2_IRQHandler
                0x0000000008000894                DFSDM1_FLT0_IRQHandler
                0x0000000008000894                SAI4_IRQHandler
                0x0000000008000894                I2C2_ER_IRQHandler
                0x0000000008000894                DMA2_Stream1_IRQHandler
                0x0000000008000894                FLASH_IRQHandler
                0x0000000008000894                DMA2_Stream4_IRQHandler
                0x0000000008000894                USART1_IRQHandler
                0x0000000008000894                OTG_FS_IRQHandler
                0x0000000008000894                SPI3_IRQHandler
                0x0000000008000894                WAKEUP_PIN_IRQHandler
                0x0000000008000894                DMA1_Stream4_IRQHandler
                0x0000000008000894                OTG_FS_EP1_IN_IRQHandler
                0x0000000008000894                I2C1_ER_IRQHandler
                0x0000000008000894                FMC_IRQHandler
                0x0000000008000894                FDCAN_CAL_IRQHandler
                0x0000000008000894                SWPMI1_IRQHandler
                0x0000000008000894                COMP1_IRQHandler
                0x0000000008000894                LPTIM1_IRQHandler
                0x0000000008000894                I2C4_ER_IRQHandler
                0x0000000008000894                DMA2_Stream6_IRQHandler
                0x0000000008000894                SAI1_IRQHandler
                0x0000000008000894                DMA1_Stream3_IRQHandler
 *fill*         0x0000000008000896        0x2 
 .text.HAL_Init
                0x0000000008000898       0x78 Drivers/STM32H7xx_HAL_Driver/stm32h7xx_hal.o
                0x0000000008000898                HAL_Init
 .text.HAL_InitTick
                0x0000000008000910       0x6c Drivers/STM32H7xx_HAL_Driver/stm32h7xx_hal.o
                0x0000000008000910                HAL_InitTick
 .text.HAL_IncTick
                0x000000000800097c       0x28 Drivers/STM32H7xx_HAL_Driver/stm32h7xx_hal.o
                0x000000000800097c                HAL_IncTick
 .text.HAL_GetTick
                0x00000000080009a4       0x18 Drivers/STM32H7xx_HAL_Driver/stm32h7xx_hal.o
                0x00000000080009a4                HAL_GetTick
 .text.HAL_Delay
                0x00000000080009bc       0x44 Drivers/STM32H7xx_HAL_Driver/stm32h7xx_hal.o
                0x00000000080009bc                HAL_Delay
 .text.HAL_GetREVID
                0x0000000008000a00       0x18 Drivers/STM32H7xx_HAL_Driver/stm32h7xx_hal.o
                0x0000000008000a00                HAL_GetREVID
 .text.__NVIC_SetPriorityGrouping
                0x0000000008000a18       0x48 Drivers/STM32H7xx_HAL_Driver/stm32h7xx_hal_cortex.o
 .text.__NVIC_GetPriorityGrouping
                0x0000000008000a60       0x1c Drivers/STM32H7xx_HAL_Driver/stm32h7xx_hal_cortex.o
 .text.__NVIC_SetPriority
                0x0000000008000a7c       0x54 Drivers/STM32H7xx_HAL_Driver/stm32h7xx_hal_cortex.o
 .text.NVIC_EncodePriority
                0x0000000008000ad0       0x66 Drivers/STM32H7xx_HAL_Driver/stm32h7xx_hal_cortex.o
 *fill*         0x0000000008000b36        0x2 
 .text.SysTick_Config
                0x0000000008000b38       0x44 Drivers/STM32H7xx_HAL_Driver/stm32h7xx_hal_cortex.o
 .text.HAL_NVIC_SetPriorityGrouping
                0x0000000008000b7c       0x16 Drivers/STM32H7xx_HAL_Driver/stm32h7xx_hal_cortex.o
                0x0000000008000b7c                HAL_NVIC_SetPriorityGrouping
 .text.HAL_NVIC_SetPriority
                0x0000000008000b92       0x34 Drivers/STM32H7xx_HAL_Driver/stm32h7xx_hal_cortex.o
                0x0000000008000b92                HAL_NVIC_SetPriority
 .text.HAL_SYSTICK_Config
                0x0000000008000bc6       0x18 Drivers/STM32H7xx_HAL_Driver/stm32h7xx_hal_cortex.o
                0x0000000008000bc6                HAL_SYSTICK_Config
 *fill*         0x0000000008000bde        0x2 
 .text.HAL_GPIO_Init
                0x0000000008000be0      0x360 Drivers/STM32H7xx_HAL_Driver/stm32h7xx_hal_gpio.o
                0x0000000008000be0                HAL_GPIO_Init
 .text.HAL_GPIO_ReadPin
                0x0000000008000f40       0x30 Drivers/STM32H7xx_HAL_Driver/stm32h7xx_hal_gpio.o
                0x0000000008000f40                HAL_GPIO_ReadPin
 .text.HAL_GPIO_WritePin
                0x0000000008000f70       0x32 Drivers/STM32H7xx_HAL_Driver/stm32h7xx_hal_gpio.o
                0x0000000008000f70                HAL_GPIO_WritePin
 *fill*         0x0000000008000fa2        0x2 
 .text.HAL_HSEM_FastTake
                0x0000000008000fa4       0x34 Drivers/STM32H7xx_HAL_Driver/stm32h7xx_hal_hsem.o
                0x0000000008000fa4                HAL_HSEM_FastTake
 .text.HAL_HSEM_Release
                0x0000000008000fd8       0x28 Drivers/STM32H7xx_HAL_Driver/stm32h7xx_hal_hsem.o
                0x0000000008000fd8                HAL_HSEM_Release
 .text.HAL_PWREx_ConfigSupply
                0x0000000008001000       0xb4 Drivers/STM32H7xx_HAL_Driver/stm32h7xx_hal_pwr_ex.o
                0x0000000008001000                HAL_PWREx_ConfigSupply
 .text.HAL_RCC_OscConfig
                0x00000000080010b4      0x820 Drivers/STM32H7xx_HAL_Driver/stm32h7xx_hal_rcc.o
                0x00000000080010b4                HAL_RCC_OscConfig
 .text.HAL_RCC_ClockConfig
                0x00000000080018d4      0x36c Drivers/STM32H7xx_HAL_Driver/stm32h7xx_hal_rcc.o
                0x00000000080018d4                HAL_RCC_ClockConfig
 .text.HAL_RCC_GetSysClockFreq
                0x0000000008001c40      0x2e4 Drivers/STM32H7xx_HAL_Driver/stm32h7xx_hal_rcc.o
                0x0000000008001c40                HAL_RCC_GetSysClockFreq
 .text.__libc_init_array
                0x0000000008001f24       0x48 c:/st/stm32cubeide_1.4.0/stm32cubeide/plugins/com.st.stm32cube.ide.mcu.externaltools.gnu-tools-for-stm32.7-2018-q2-update.win32_1.4.0.202007081208/tools/bin/../lib/gcc/arm-none-eabi/7.3.1/../../../../arm-none-eabi/lib/thumb/v7e-m/fpv5/hard\libc_nano.a(lib_a-init.o)
                0x0000000008001f24                __libc_init_array
 .text.memset   0x0000000008001f6c       0x10 c:/st/stm32cubeide_1.4.0/stm32cubeide/plugins/com.st.stm32cube.ide.mcu.externaltools.gnu-tools-for-stm32.7-2018-q2-update.win32_1.4.0.202007081208/tools/bin/../lib/gcc/arm-none-eabi/7.3.1/../../../../arm-none-eabi/lib/thumb/v7e-m/fpv5/hard\libc_nano.a(lib_a-memset.o)
                0x0000000008001f6c                memset
 *(.glue_7)
 .glue_7        0x0000000008001f7c        0x0 linker stubs
 *(.glue_7t)
 .glue_7t       0x0000000008001f7c        0x0 linker stubs
 *(.eh_frame)
 .eh_frame      0x0000000008001f7c        0x0 c:/st/stm32cubeide_1.4.0/stm32cubeide/plugins/com.st.stm32cube.ide.mcu.externaltools.gnu-tools-for-stm32.7-2018-q2-update.win32_1.4.0.202007081208/tools/bin/../lib/gcc/arm-none-eabi/7.3.1/thumb/v7e-m/fpv5/hard/crtbegin.o
 *(.init)
 .init          0x0000000008001f7c        0x4 c:/st/stm32cubeide_1.4.0/stm32cubeide/plugins/com.st.stm32cube.ide.mcu.externaltools.gnu-tools-for-stm32.7-2018-q2-update.win32_1.4.0.202007081208/tools/bin/../lib/gcc/arm-none-eabi/7.3.1/thumb/v7e-m/fpv5/hard/crti.o
                0x0000000008001f7c                _init
 .init          0x0000000008001f80        0x8 c:/st/stm32cubeide_1.4.0/stm32cubeide/plugins/com.st.stm32cube.ide.mcu.externaltools.gnu-tools-for-stm32.7-2018-q2-update.win32_1.4.0.202007081208/tools/bin/../lib/gcc/arm-none-eabi/7.3.1/thumb/v7e-m/fpv5/hard/crtn.o
 *(.fini)
 .fini          0x0000000008001f88        0x4 c:/st/stm32cubeide_1.4.0/stm32cubeide/plugins/com.st.stm32cube.ide.mcu.externaltools.gnu-tools-for-stm32.7-2018-q2-update.win32_1.4.0.202007081208/tools/bin/../lib/gcc/arm-none-eabi/7.3.1/thumb/v7e-m/fpv5/hard/crti.o
                0x0000000008001f88                _fini
 .fini          0x0000000008001f8c        0x8 c:/st/stm32cubeide_1.4.0/stm32cubeide/plugins/com.st.stm32cube.ide.mcu.externaltools.gnu-tools-for-stm32.7-2018-q2-update.win32_1.4.0.202007081208/tools/bin/../lib/gcc/arm-none-eabi/7.3.1/thumb/v7e-m/fpv5/hard/crtn.o
                0x0000000008001f94                . = ALIGN (0x4)
                0x0000000008001f94                _etext = .

.vfp11_veneer   0x0000000008001f94        0x0
 .vfp11_veneer  0x0000000008001f94        0x0 linker stubs

.v4_bx          0x0000000008001f94        0x0
 .v4_bx         0x0000000008001f94        0x0 linker stubs

.iplt           0x0000000008001f94        0x0
 .iplt          0x0000000008001f94        0x0 c:/st/stm32cubeide_1.4.0/stm32cubeide/plugins/com.st.stm32cube.ide.mcu.externaltools.gnu-tools-for-stm32.7-2018-q2-update.win32_1.4.0.202007081208/tools/bin/../lib/gcc/arm-none-eabi/7.3.1/thumb/v7e-m/fpv5/hard/crtbegin.o

.rodata         0x0000000008001f94       0x10
                0x0000000008001f94                . = ALIGN (0x4)
 *(.rodata)
 *(.rodata*)
 .rodata.D1CorePrescTable
                0x0000000008001f94       0x10 Common/Src/system_stm32h7xx_dualcore_boot_cm4_cm7.o
                0x0000000008001f94                D1CorePrescTable
                0x0000000008001fa4                . = ALIGN (0x4)

.rel.dyn        0x0000000008001fa4        0x0
 .rel.iplt      0x0000000008001fa4        0x0 c:/st/stm32cubeide_1.4.0/stm32cubeide/plugins/com.st.stm32cube.ide.mcu.externaltools.gnu-tools-for-stm32.7-2018-q2-update.win32_1.4.0.202007081208/tools/bin/../lib/gcc/arm-none-eabi/7.3.1/thumb/v7e-m/fpv5/hard/crtbegin.o

.ARM.extab
 *(.ARM.extab* .gnu.linkonce.armextab.*)

.ARM            0x0000000008001fa4        0x0
                0x0000000008001fa4                __exidx_start = .
 *(.ARM.exidx*)
                0x0000000008001fa4                __exidx_end = .

.preinit_array  0x0000000008001fa4        0x0
                0x0000000008001fa4                PROVIDE (__preinit_array_start = .)
 *(.preinit_array*)
                0x0000000008001fa4                PROVIDE (__preinit_array_end = .)

.init_array     0x0000000008001fa4        0x4
                0x0000000008001fa4                PROVIDE (__init_array_start = .)
 *(SORT_BY_NAME(.init_array.*))
 *(.init_array*)
 .init_array    0x0000000008001fa4        0x4 c:/st/stm32cubeide_1.4.0/stm32cubeide/plugins/com.st.stm32cube.ide.mcu.externaltools.gnu-tools-for-stm32.7-2018-q2-update.win32_1.4.0.202007081208/tools/bin/../lib/gcc/arm-none-eabi/7.3.1/thumb/v7e-m/fpv5/hard/crtbegin.o
                0x0000000008001fa8                PROVIDE (__init_array_end = .)

.fini_array     0x0000000008001fa8        0x4
                [!provide]                        PROVIDE (__fini_array_start = .)
 *(SORT_BY_NAME(.fini_array.*))
 *(.fini_array*)
 .fini_array    0x0000000008001fa8        0x4 c:/st/stm32cubeide_1.4.0/stm32cubeide/plugins/com.st.stm32cube.ide.mcu.externaltools.gnu-tools-for-stm32.7-2018-q2-update.win32_1.4.0.202007081208/tools/bin/../lib/gcc/arm-none-eabi/7.3.1/thumb/v7e-m/fpv5/hard/crtbegin.o
                [!provide]                        PROVIDE (__fini_array_end = .)
                0x0000000008001fac                _sidata = LOADADDR (.data)

.data           0x0000000020000000       0x10 load address 0x0000000008001fac
                0x0000000020000000                . = ALIGN (0x4)
                0x0000000020000000                _sdata = .
 *(.data)
 *(.data*)
 .data.SystemCoreClock
                0x0000000020000000        0x4 Common/Src/system_stm32h7xx_dualcore_boot_cm4_cm7.o
                0x0000000020000000                SystemCoreClock
 .data.SystemD2Clock
                0x0000000020000004        0x4 Common/Src/system_stm32h7xx_dualcore_boot_cm4_cm7.o
                0x0000000020000004                SystemD2Clock
 .data.uwTickPrio
                0x0000000020000008        0x4 Drivers/STM32H7xx_HAL_Driver/stm32h7xx_hal.o
                0x0000000020000008                uwTickPrio
 .data.uwTickFreq
                0x000000002000000c        0x1 Drivers/STM32H7xx_HAL_Driver/stm32h7xx_hal.o
                0x000000002000000c                uwTickFreq
                0x0000000020000010                . = ALIGN (0x4)
 *fill*         0x000000002000000d        0x3 
                0x0000000020000010                _edata = .

.igot.plt       0x0000000020000010        0x0 load address 0x0000000008001fbc
 .igot.plt      0x0000000020000010        0x0 c:/st/stm32cubeide_1.4.0/stm32cubeide/plugins/com.st.stm32cube.ide.mcu.externaltools.gnu-tools-for-stm32.7-2018-q2-update.win32_1.4.0.202007081208/tools/bin/../lib/gcc/arm-none-eabi/7.3.1/thumb/v7e-m/fpv5/hard/crtbegin.o
                0x0000000020000010                . = ALIGN (0x4)

.bss            0x0000000020000010       0x28 load address 0x0000000008001fbc
                0x0000000020000010                _sbss = .
                0x0000000020000010                __bss_start__ = _sbss
 *(.bss)
 .bss           0x0000000020000010       0x1c c:/st/stm32cubeide_1.4.0/stm32cubeide/plugins/com.st.stm32cube.ide.mcu.externaltools.gnu-tools-for-stm32.7-2018-q2-update.win32_1.4.0.202007081208/tools/bin/../lib/gcc/arm-none-eabi/7.3.1/thumb/v7e-m/fpv5/hard/crtbegin.o
 *(.bss*)
 .bss.User_Button.9940
                0x000000002000002c        0x2 Core/Src/main.o
 .bss.pin_state.9936
                0x000000002000002e        0x2 Core/Src/main.o
 .bss.pin_state2.9937
                0x0000000020000030        0x2 Core/Src/main.o
 .bss.pin_state3.9938
                0x0000000020000032        0x2 Core/Src/main.o
 *(COMMON)
 COMMON         0x0000000020000034        0x4 Drivers/STM32H7xx_HAL_Driver/stm32h7xx_hal.o
                0x0000000020000034                uwTick
                0x0000000020000038                . = ALIGN (0x4)
                0x0000000020000038                _ebss = .
                0x0000000020000038                __bss_end__ = _ebss

._user_heap_stack
                0x0000000020000038      0x600 load address 0x0000000008001fbc
                0x0000000020000038                . = ALIGN (0x8)
                [!provide]                        PROVIDE (end = .)
                0x0000000020000038                PROVIDE (_end = .)
                0x0000000020000238                . = (. + _Min_Heap_Size)
 *fill*         0x0000000020000038      0x200 
                0x0000000020000638                . = (. + _Min_Stack_Size)
 *fill*         0x0000000020000238      0x400 
                0x0000000020000638                . = ALIGN (0x8)

/DISCARD/
 libc.a(*)
 libm.a(*)
 libgcc.a(*)

.ARM.attributes
                0x0000000000000000       0x2e
 *(.ARM.attributes)
 .ARM.attributes
                0x0000000000000000       0x20 c:/st/stm32cubeide_1.4.0/stm32cubeide/plugins/com.st.stm32cube.ide.mcu.externaltools.gnu-tools-for-stm32.7-2018-q2-update.win32_1.4.0.202007081208/tools/bin/../lib/gcc/arm-none-eabi/7.3.1/thumb/v7e-m/fpv5/hard/crti.o
 .ARM.attributes
                0x0000000000000020       0x32 c:/st/stm32cubeide_1.4.0/stm32cubeide/plugins/com.st.stm32cube.ide.mcu.externaltools.gnu-tools-for-stm32.7-2018-q2-update.win32_1.4.0.202007081208/tools/bin/../lib/gcc/arm-none-eabi/7.3.1/thumb/v7e-m/fpv5/hard/crtbegin.o
 .ARM.attributes
                0x0000000000000052       0x37 Common/Src/system_stm32h7xx_dualcore_boot_cm4_cm7.o
 .ARM.attributes
                0x0000000000000089       0x37 Core/Src/main.o
 .ARM.attributes
                0x00000000000000c0       0x37 Core/Src/stm32h7xx_hal_msp.o
 .ARM.attributes
                0x00000000000000f7       0x37 Core/Src/stm32h7xx_it.o
 .ARM.attributes
                0x000000000000012e       0x21 Core/Startup/startup_stm32h745zitx.o
 .ARM.attributes
                0x000000000000014f       0x37 Drivers/STM32H7xx_HAL_Driver/stm32h7xx_hal.o
 .ARM.attributes
                0x0000000000000186       0x37 Drivers/STM32H7xx_HAL_Driver/stm32h7xx_hal_cortex.o
 .ARM.attributes
                0x00000000000001bd       0x37 Drivers/STM32H7xx_HAL_Driver/stm32h7xx_hal_gpio.o
 .ARM.attributes
                0x00000000000001f4       0x37 Drivers/STM32H7xx_HAL_Driver/stm32h7xx_hal_hsem.o
 .ARM.attributes
                0x000000000000022b       0x37 Drivers/STM32H7xx_HAL_Driver/stm32h7xx_hal_pwr_ex.o
 .ARM.attributes
                0x0000000000000262       0x37 Drivers/STM32H7xx_HAL_Driver/stm32h7xx_hal_rcc.o
 .ARM.attributes
                0x0000000000000299       0x32 c:/st/stm32cubeide_1.4.0/stm32cubeide/plugins/com.st.stm32cube.ide.mcu.externaltools.gnu-tools-for-stm32.7-2018-q2-update.win32_1.4.0.202007081208/tools/bin/../lib/gcc/arm-none-eabi/7.3.1/../../../../arm-none-eabi/lib/thumb/v7e-m/fpv5/hard\libc_nano.a(lib_a-init.o)
 .ARM.attributes
                0x00000000000002cb       0x32 c:/st/stm32cubeide_1.4.0/stm32cubeide/plugins/com.st.stm32cube.ide.mcu.externaltools.gnu-tools-for-stm32.7-2018-q2-update.win32_1.4.0.202007081208/tools/bin/../lib/gcc/arm-none-eabi/7.3.1/../../../../arm-none-eabi/lib/thumb/v7e-m/fpv5/hard\libc_nano.a(lib_a-memset.o)
 .ARM.attributes
                0x00000000000002fd       0x20 c:/st/stm32cubeide_1.4.0/stm32cubeide/plugins/com.st.stm32cube.ide.mcu.externaltools.gnu-tools-for-stm32.7-2018-q2-update.win32_1.4.0.202007081208/tools/bin/../lib/gcc/arm-none-eabi/7.3.1/thumb/v7e-m/fpv5/hard/crtn.o
OUTPUT(ECE_477_CM7.elf elf32-littlearm)

.debug_info     0x0000000000000000     0xd757
 .debug_info    0x0000000000000000     0x1695 Common/Src/system_stm32h7xx_dualcore_boot_cm4_cm7.o
 .debug_info    0x0000000000001695     0x14ff Core/Src/main.o
 .debug_info    0x0000000000002b94      0xe53 Core/Src/stm32h7xx_hal_msp.o
 .debug_info    0x00000000000039e7      0xb36 Core/Src/stm32h7xx_it.o
 .debug_info    0x000000000000451d       0x22 Core/Startup/startup_stm32h745zitx.o
 .debug_info    0x000000000000453f     0x202f Drivers/STM32H7xx_HAL_Driver/stm32h7xx_hal.o
 .debug_info    0x000000000000656e     0x1a92 Drivers/STM32H7xx_HAL_Driver/stm32h7xx_hal_cortex.o
 .debug_info    0x0000000000008000     0x16ec Drivers/STM32H7xx_HAL_Driver/stm32h7xx_hal_gpio.o
 .debug_info    0x00000000000096ec      0xdc2 Drivers/STM32H7xx_HAL_Driver/stm32h7xx_hal_hsem.o
 .debug_info    0x000000000000a4ae     0x1b0b Drivers/STM32H7xx_HAL_Driver/stm32h7xx_hal_pwr_ex.o
 .debug_info    0x000000000000bfb9     0x179e Drivers/STM32H7xx_HAL_Driver/stm32h7xx_hal_rcc.o

.debug_abbrev   0x0000000000000000     0x1a42
 .debug_abbrev  0x0000000000000000      0x22e Common/Src/system_stm32h7xx_dualcore_boot_cm4_cm7.o
 .debug_abbrev  0x000000000000022e      0x270 Core/Src/main.o
 .debug_abbrev  0x000000000000049e      0x1e5 Core/Src/stm32h7xx_hal_msp.o
 .debug_abbrev  0x0000000000000683      0x1c9 Core/Src/stm32h7xx_it.o
 .debug_abbrev  0x000000000000084c       0x12 Core/Startup/startup_stm32h745zitx.o
 .debug_abbrev  0x000000000000085e      0x2d9 Drivers/STM32H7xx_HAL_Driver/stm32h7xx_hal.o
 .debug_abbrev  0x0000000000000b37      0x3b5 Drivers/STM32H7xx_HAL_Driver/stm32h7xx_hal_cortex.o
 .debug_abbrev  0x0000000000000eec      0x28f Drivers/STM32H7xx_HAL_Driver/stm32h7xx_hal_gpio.o
 .debug_abbrev  0x000000000000117b      0x2ab Drivers/STM32H7xx_HAL_Driver/stm32h7xx_hal_hsem.o
 .debug_abbrev  0x0000000000001426      0x33a Drivers/STM32H7xx_HAL_Driver/stm32h7xx_hal_pwr_ex.o
 .debug_abbrev  0x0000000000001760      0x2e2 Drivers/STM32H7xx_HAL_Driver/stm32h7xx_hal_rcc.o

.debug_aranges  0x0000000000000000      0x708
 .debug_aranges
                0x0000000000000000       0x28 Common/Src/system_stm32h7xx_dualcore_boot_cm4_cm7.o
 .debug_aranges
                0x0000000000000028       0x38 Core/Src/main.o
 .debug_aranges
                0x0000000000000060       0x20 Core/Src/stm32h7xx_hal_msp.o
 .debug_aranges
                0x0000000000000080       0x60 Core/Src/stm32h7xx_it.o
 .debug_aranges
                0x00000000000000e0       0x28 Core/Startup/startup_stm32h745zitx.o
 .debug_aranges
                0x0000000000000108      0x220 Drivers/STM32H7xx_HAL_Driver/stm32h7xx_hal.o
 .debug_aranges
                0x0000000000000328      0x120 Drivers/STM32H7xx_HAL_Driver/stm32h7xx_hal_cortex.o
 .debug_aranges
                0x0000000000000448       0x58 Drivers/STM32H7xx_HAL_Driver/stm32h7xx_hal_gpio.o
 .debug_aranges
                0x00000000000004a0       0x70 Drivers/STM32H7xx_HAL_Driver/stm32h7xx_hal_hsem.o
 .debug_aranges
                0x0000000000000510      0x170 Drivers/STM32H7xx_HAL_Driver/stm32h7xx_hal_pwr_ex.o
 .debug_aranges
                0x0000000000000680       0x88 Drivers/STM32H7xx_HAL_Driver/stm32h7xx_hal_rcc.o

.debug_ranges   0x0000000000000000      0x660
 .debug_ranges  0x0000000000000000       0x18 Common/Src/system_stm32h7xx_dualcore_boot_cm4_cm7.o
 .debug_ranges  0x0000000000000018       0x28 Core/Src/main.o
 .debug_ranges  0x0000000000000040       0x10 Core/Src/stm32h7xx_hal_msp.o
 .debug_ranges  0x0000000000000050       0x50 Core/Src/stm32h7xx_it.o
 .debug_ranges  0x00000000000000a0       0x20 Core/Startup/startup_stm32h745zitx.o
 .debug_ranges  0x00000000000000c0      0x210 Drivers/STM32H7xx_HAL_Driver/stm32h7xx_hal.o
 .debug_ranges  0x00000000000002d0      0x110 Drivers/STM32H7xx_HAL_Driver/stm32h7xx_hal_cortex.o
 .debug_ranges  0x00000000000003e0       0x48 Drivers/STM32H7xx_HAL_Driver/stm32h7xx_hal_gpio.o
 .debug_ranges  0x0000000000000428       0x60 Drivers/STM32H7xx_HAL_Driver/stm32h7xx_hal_hsem.o
 .debug_ranges  0x0000000000000488      0x160 Drivers/STM32H7xx_HAL_Driver/stm32h7xx_hal_pwr_ex.o
 .debug_ranges  0x00000000000005e8       0x78 Drivers/STM32H7xx_HAL_Driver/stm32h7xx_hal_rcc.o

.debug_macro    0x0000000000000000    0x36e19
 .debug_macro   0x0000000000000000      0x279 Common/Src/system_stm32h7xx_dualcore_boot_cm4_cm7.o
 .debug_macro   0x0000000000000279      0xa6c Common/Src/system_stm32h7xx_dualcore_boot_cm4_cm7.o
 .debug_macro   0x0000000000000ce5       0x2e Common/Src/system_stm32h7xx_dualcore_boot_cm4_cm7.o
 .debug_macro   0x0000000000000d13       0x49 Common/Src/system_stm32h7xx_dualcore_boot_cm4_cm7.o
 .debug_macro   0x0000000000000d5c       0x22 Common/Src/system_stm32h7xx_dualcore_boot_cm4_cm7.o
 .debug_macro   0x0000000000000d7e       0x8e Common/Src/system_stm32h7xx_dualcore_boot_cm4_cm7.o
 .debug_macro   0x0000000000000e0c       0x51 Common/Src/system_stm32h7xx_dualcore_boot_cm4_cm7.o
 .debug_macro   0x0000000000000e5d       0xef Common/Src/system_stm32h7xx_dualcore_boot_cm4_cm7.o
 .debug_macro   0x0000000000000f4c       0x6a Common/Src/system_stm32h7xx_dualcore_boot_cm4_cm7.o
 .debug_macro   0x0000000000000fb6      0x1df Common/Src/system_stm32h7xx_dualcore_boot_cm4_cm7.o
 .debug_macro   0x0000000000001195       0x1c Common/Src/system_stm32h7xx_dualcore_boot_cm4_cm7.o
 .debug_macro   0x00000000000011b1       0x22 Common/Src/system_stm32h7xx_dualcore_boot_cm4_cm7.o
 .debug_macro   0x00000000000011d3       0xdf Common/Src/system_stm32h7xx_dualcore_boot_cm4_cm7.o
 .debug_macro   0x00000000000012b2     0x12cd Common/Src/system_stm32h7xx_dualcore_boot_cm4_cm7.o
 .debug_macro   0x000000000000257f      0x11f Common/Src/system_stm32h7xx_dualcore_boot_cm4_cm7.o
 .debug_macro   0x000000000000269e       0x19 Common/Src/system_stm32h7xx_dualcore_boot_cm4_cm7.o
 .debug_macro   0x00000000000026b7    0x26850 Common/Src/system_stm32h7xx_dualcore_boot_cm4_cm7.o
 .debug_macro   0x0000000000028f07       0x43 Common/Src/system_stm32h7xx_dualcore_boot_cm4_cm7.o
 .debug_macro   0x0000000000028f4a      0x22c Common/Src/system_stm32h7xx_dualcore_boot_cm4_cm7.o
 .debug_macro   0x0000000000029176     0x3cd3 Common/Src/system_stm32h7xx_dualcore_boot_cm4_cm7.o
 .debug_macro   0x000000000002ce49      0x174 Common/Src/system_stm32h7xx_dualcore_boot_cm4_cm7.o
 .debug_macro   0x000000000002cfbd       0x46 Common/Src/system_stm32h7xx_dualcore_boot_cm4_cm7.o
 .debug_macro   0x000000000002d003       0x17 Common/Src/system_stm32h7xx_dualcore_boot_cm4_cm7.o
 .debug_macro   0x000000000002d01a       0x3c Common/Src/system_stm32h7xx_dualcore_boot_cm4_cm7.o
 .debug_macro   0x000000000002d056       0x34 Common/Src/system_stm32h7xx_dualcore_boot_cm4_cm7.o
 .debug_macro   0x000000000002d08a       0x52 Common/Src/system_stm32h7xx_dualcore_boot_cm4_cm7.o
 .debug_macro   0x000000000002d0dc       0x1f Common/Src/system_stm32h7xx_dualcore_boot_cm4_cm7.o
 .debug_macro   0x000000000002d0fb       0x43 Common/Src/system_stm32h7xx_dualcore_boot_cm4_cm7.o
 .debug_macro   0x000000000002d13e       0x20 Common/Src/system_stm32h7xx_dualcore_boot_cm4_cm7.o
 .debug_macro   0x000000000002d15e      0x1a3 Common/Src/system_stm32h7xx_dualcore_boot_cm4_cm7.o
 .debug_macro   0x000000000002d301      0x32a Common/Src/system_stm32h7xx_dualcore_boot_cm4_cm7.o
 .debug_macro   0x000000000002d62b      0x1e1 Common/Src/system_stm32h7xx_dualcore_boot_cm4_cm7.o
 .debug_macro   0x000000000002d80c       0x54 Common/Src/system_stm32h7xx_dualcore_boot_cm4_cm7.o
 .debug_macro   0x000000000002d860     0x3a9d Common/Src/system_stm32h7xx_dualcore_boot_cm4_cm7.o
 .debug_macro   0x00000000000312fd     0x104f Common/Src/system_stm32h7xx_dualcore_boot_cm4_cm7.o
 .debug_macro   0x000000000003234c      0x138 Common/Src/system_stm32h7xx_dualcore_boot_cm4_cm7.o
 .debug_macro   0x0000000000032484      0x133 Common/Src/system_stm32h7xx_dualcore_boot_cm4_cm7.o
 .debug_macro   0x00000000000325b7      0x3be Common/Src/system_stm32h7xx_dualcore_boot_cm4_cm7.o
 .debug_macro   0x0000000000032975       0x27 Common/Src/system_stm32h7xx_dualcore_boot_cm4_cm7.o
 .debug_macro   0x000000000003299c      0x72d Common/Src/system_stm32h7xx_dualcore_boot_cm4_cm7.o
 .debug_macro   0x00000000000330c9      0x229 Common/Src/system_stm32h7xx_dualcore_boot_cm4_cm7.o
 .debug_macro   0x00000000000332f2       0x66 Common/Src/system_stm32h7xx_dualcore_boot_cm4_cm7.o
 .debug_macro   0x0000000000033358      0x3bb Common/Src/system_stm32h7xx_dualcore_boot_cm4_cm7.o
 .debug_macro   0x0000000000033713      0x408 Common/Src/system_stm32h7xx_dualcore_boot_cm4_cm7.o
 .debug_macro   0x0000000000033b1b      0x27c Common/Src/system_stm32h7xx_dualcore_boot_cm4_cm7.o
 .debug_macro   0x0000000000033d97      0x3cb Common/Src/system_stm32h7xx_dualcore_boot_cm4_cm7.o
 .debug_macro   0x0000000000034162      0x4b7 Common/Src/system_stm32h7xx_dualcore_boot_cm4_cm7.o
 .debug_macro   0x0000000000034619       0x51 Common/Src/system_stm32h7xx_dualcore_boot_cm4_cm7.o
 .debug_macro   0x000000000003466a       0x4a Common/Src/system_stm32h7xx_dualcore_boot_cm4_cm7.o
 .debug_macro   0x00000000000346b4      0x22c Common/Src/system_stm32h7xx_dualcore_boot_cm4_cm7.o
 .debug_macro   0x00000000000348e0       0x64 Common/Src/system_stm32h7xx_dualcore_boot_cm4_cm7.o
 .debug_macro   0x0000000000034944       0xa5 Common/Src/system_stm32h7xx_dualcore_boot_cm4_cm7.o
 .debug_macro   0x00000000000349e9      0x219 Common/Src/system_stm32h7xx_dualcore_boot_cm4_cm7.o
 .debug_macro   0x0000000000034c02      0x2eb Common/Src/system_stm32h7xx_dualcore_boot_cm4_cm7.o
 .debug_macro   0x0000000000034eed       0x35 Common/Src/system_stm32h7xx_dualcore_boot_cm4_cm7.o
 .debug_macro   0x0000000000034f22      0x798 Common/Src/system_stm32h7xx_dualcore_boot_cm4_cm7.o
 .debug_macro   0x00000000000356ba      0x288 Core/Src/main.o
 .debug_macro   0x0000000000035942       0x34 Core/Src/main.o
 .debug_macro   0x0000000000035976      0x282 Core/Src/stm32h7xx_hal_msp.o
 .debug_macro   0x0000000000035bf8      0x28c Core/Src/stm32h7xx_it.o
 .debug_macro   0x0000000000035e84      0x29d Drivers/STM32H7xx_HAL_Driver/stm32h7xx_hal.o
 .debug_macro   0x0000000000036121      0x273 Drivers/STM32H7xx_HAL_Driver/stm32h7xx_hal_cortex.o
 .debug_macro   0x0000000000036394      0x2bd Drivers/STM32H7xx_HAL_Driver/stm32h7xx_hal_gpio.o
 .debug_macro   0x0000000000036651      0x285 Drivers/STM32H7xx_HAL_Driver/stm32h7xx_hal_hsem.o
 .debug_macro   0x00000000000368d6      0x2ac Drivers/STM32H7xx_HAL_Driver/stm32h7xx_hal_pwr_ex.o
 .debug_macro   0x0000000000036b82      0x297 Drivers/STM32H7xx_HAL_Driver/stm32h7xx_hal_rcc.o

.debug_line     0x0000000000000000     0x664d
 .debug_line    0x0000000000000000      0x887 Common/Src/system_stm32h7xx_dualcore_boot_cm4_cm7.o
 .debug_line    0x0000000000000887      0x887 Core/Src/main.o
 .debug_line    0x000000000000110e      0x7ef Core/Src/stm32h7xx_hal_msp.o
 .debug_line    0x00000000000018fd      0x894 Core/Src/stm32h7xx_it.o
 .debug_line    0x0000000000002191       0x87 Core/Startup/startup_stm32h745zitx.o
 .debug_line    0x0000000000002218      0xd1c Drivers/STM32H7xx_HAL_Driver/stm32h7xx_hal.o
 .debug_line    0x0000000000002f34      0xb64 Drivers/STM32H7xx_HAL_Driver/stm32h7xx_hal_cortex.o
 .debug_line    0x0000000000003a98      0xa1d Drivers/STM32H7xx_HAL_Driver/stm32h7xx_hal_gpio.o
 .debug_line    0x00000000000044b5      0x90b Drivers/STM32H7xx_HAL_Driver/stm32h7xx_hal_hsem.o
 .debug_line    0x0000000000004dc0      0xc88 Drivers/STM32H7xx_HAL_Driver/stm32h7xx_hal_pwr_ex.o
 .debug_line    0x0000000000005a48      0xc05 Drivers/STM32H7xx_HAL_Driver/stm32h7xx_hal_rcc.o

.debug_str      0x0000000000000000   0x16cd4d
 .debug_str     0x0000000000000000   0x16a4c2 Common/Src/system_stm32h7xx_dualcore_boot_cm4_cm7.o
                                     0x16a9f6 (size before relaxing)
 .debug_str     0x000000000016a4c2      0x409 Core/Src/main.o
                                     0x16aa18 (size before relaxing)
 .debug_str     0x000000000016a8cb       0x2c Core/Src/stm32h7xx_hal_msp.o
                                     0x16a6cf (size before relaxing)
 .debug_str     0x000000000016a8f7       0xbd Core/Src/stm32h7xx_it.o
                                     0x16a536 (size before relaxing)
 .debug_str     0x000000000016a9b4       0x36 Core/Startup/startup_stm32h745zitx.o
                                         0x79 (size before relaxing)
 .debug_str     0x000000000016a9ea     0x1177 Drivers/STM32H7xx_HAL_Driver/stm32h7xx_hal.o
                                     0x16ba11 (size before relaxing)
 .debug_str     0x000000000016bb61      0x3ef Drivers/STM32H7xx_HAL_Driver/stm32h7xx_hal_cortex.o
                                     0x16b2c8 (size before relaxing)
 .debug_str     0x000000000016bf50      0x26a Drivers/STM32H7xx_HAL_Driver/stm32h7xx_hal_gpio.o
                                     0x16aa94 (size before relaxing)
 .debug_str     0x000000000016c1ba      0x23f Drivers/STM32H7xx_HAL_Driver/stm32h7xx_hal_hsem.o
                                     0x16a64a (size before relaxing)
 .debug_str     0x000000000016c3f9      0x6b2 Drivers/STM32H7xx_HAL_Driver/stm32h7xx_hal_pwr_ex.o
                                     0x16ae7e (size before relaxing)
 .debug_str     0x000000000016caab      0x2a2 Drivers/STM32H7xx_HAL_Driver/stm32h7xx_hal_rcc.o
                                     0x16acc0 (size before relaxing)

.comment        0x0000000000000000       0x7b
 .comment       0x0000000000000000       0x7b Common/Src/system_stm32h7xx_dualcore_boot_cm4_cm7.o
                                         0x7c (size before relaxing)
 .comment       0x000000000000007b       0x7c Core/Src/main.o
 .comment       0x000000000000007b       0x7c Core/Src/stm32h7xx_hal_msp.o
 .comment       0x000000000000007b       0x7c Core/Src/stm32h7xx_it.o
 .comment       0x000000000000007b       0x7c Drivers/STM32H7xx_HAL_Driver/stm32h7xx_hal.o
 .comment       0x000000000000007b       0x7c Drivers/STM32H7xx_HAL_Driver/stm32h7xx_hal_cortex.o
 .comment       0x000000000000007b       0x7c Drivers/STM32H7xx_HAL_Driver/stm32h7xx_hal_gpio.o
 .comment       0x000000000000007b       0x7c Drivers/STM32H7xx_HAL_Driver/stm32h7xx_hal_hsem.o
 .comment       0x000000000000007b       0x7c Drivers/STM32H7xx_HAL_Driver/stm32h7xx_hal_pwr_ex.o
 .comment       0x000000000000007b       0x7c Drivers/STM32H7xx_HAL_Driver/stm32h7xx_hal_rcc.o

.debug_frame    0x0000000000000000     0x1aec
 .debug_frame   0x0000000000000000       0x58 Common/Src/system_stm32h7xx_dualcore_boot_cm4_cm7.o
 .debug_frame   0x0000000000000058       0x98 Core/Src/main.o
 .debug_frame   0x00000000000000f0       0x38 Core/Src/stm32h7xx_hal_msp.o
 .debug_frame   0x0000000000000128      0x10c Core/Src/stm32h7xx_it.o
 .debug_frame   0x0000000000000234      0x8c8 Drivers/STM32H7xx_HAL_Driver/stm32h7xx_hal.o
 .debug_frame   0x0000000000000afc      0x4b8 Drivers/STM32H7xx_HAL_Driver/stm32h7xx_hal_cortex.o
 .debug_frame   0x0000000000000fb4      0x14c Drivers/STM32H7xx_HAL_Driver/stm32h7xx_hal_gpio.o
 .debug_frame   0x0000000000001100      0x1bc Drivers/STM32H7xx_HAL_Driver/stm32h7xx_hal_hsem.o
 .debug_frame   0x00000000000012bc      0x5ec Drivers/STM32H7xx_HAL_Driver/stm32h7xx_hal_pwr_ex.o
 .debug_frame   0x00000000000018a8      0x1f8 Drivers/STM32H7xx_HAL_Driver/stm32h7xx_hal_rcc.o
 .debug_frame   0x0000000000001aa0       0x2c c:/st/stm32cubeide_1.4.0/stm32cubeide/plugins/com.st.stm32cube.ide.mcu.externaltools.gnu-tools-for-stm32.7-2018-q2-update.win32_1.4.0.202007081208/tools/bin/../lib/gcc/arm-none-eabi/7.3.1/../../../../arm-none-eabi/lib/thumb/v7e-m/fpv5/hard\libc_nano.a(lib_a-init.o)
 .debug_frame   0x0000000000001acc       0x20 c:/st/stm32cubeide_1.4.0/stm32cubeide/plugins/com.st.stm32cube.ide.mcu.externaltools.gnu-tools-for-stm32.7-2018-q2-update.win32_1.4.0.202007081208/tools/bin/../lib/gcc/arm-none-eabi/7.3.1/../../../../arm-none-eabi/lib/thumb/v7e-m/fpv5/hard\libc_nano.a(lib_a-memset.o)
